<html>
<body>
<pre>
<h1>�Vision Build Log</h1>
<h2>Tool Versions:</h2>
IDE-Version: ��Vision V5.43.1.0
Copyright (C) 2025 ARM Ltd and ARM Germany GmbH. All rights reserved.
License Information: Hyper Blanchet, NWAFU, LIC=----
 
Tool Versions:
Toolchain:       MDK-Lite  Version: 5.43.0.0
Toolchain Path:  C:\Users\jiaweiBai\AppData\Local\Keil_v5\ARM\CompilerV5\Bin
C Compiler:      Armcc.exe V5.06 update 7 (build 960)
Assembler:       Armasm.exe V5.06 update 7 (build 960)
Linker/Locator:  ArmLink.exe V5.06 update 7 (build 960)
Library Manager: ArmAr.exe V5.06 update 7 (build 960)
Hex Converter:   FromElf.exe V5.06 update 7 (build 960)
CPU DLL:         SARMCM3.DLL V5.43.0.0
Dialog DLL:      DCM.DLL V1.17.5.0
Target DLL:      STLink\ST-LINKIII-KEIL_SWO.dll V3.3.1.0
Dialog DLL:      TCM.DLL V1.56.6.0
 
<h2>Project:</h2>
A:\Project\freertos\FreeRTOS_STM32F1\FreeRTOS_STM32F1\01_freertos_template\MDK-ARM\01_freertos_template.uvprojx
Project File Date:  10/04/2025

<h2>Output:</h2>
*** Using Compiler 'V5.06 update 7 (build 960)', folder: 'C:\Users\jiaweiBai\AppData\Local\Keil_v5\ARM\CompilerV5\Bin'
Build target '01_freertos_template'
compiling freertos.c...
../Core/Src/freertos.c(130): warning:  #167-D: argument of type "BaseType_t *" is incompatible with parameter of type "TickType_t *const"
  		 vTaskDelayUntil(&preTime, 500);  //这个函数使t2-t1应该是确定的
../Core/Src/freertos.c(120): warning:  #177-D: variable "buf"  was declared but never referenced
        char buf[16];
../Core/Src/freertos.c(193): warning:  #167-D: argument of type "void (*)(void)" is incompatible with parameter of type "TaskFunction_t"
    xLightTaskHandle = xTaskCreateStatic(Led_Test, "LightTask", 128, NULL, osPriorityNormal, g_pucStackOfLightTask, &g_TCBofLightTask);
../Core/Src/freertos.c(158): warning:  #177-D: variable "xSoundTaskHandle"  was declared but never referenced
  	TaskHandle_t xSoundTaskHandle;
../Core/Src/freertos.c(159): warning:  #177-D: variable "ret"  was declared but never referenced
  	BaseType_t ret;
../Core/Src/freertos.c(230): warning:  #177-D: variable "len"  was declared but never referenced
      int len;
../Core/Src/freertos.c(233): warning:  #550-D: variable "ret"  was set but never used
  	  BaseType_t ret;
../Core/Src/freertos.c(72): warning:  #550-D: variable "xLightTaskHandle"  was set but never used
  static TaskHandle_t xLightTaskHandle;
../Core/Src/freertos.c(74): warning:  #177-D: variable "g_pucStackOfColorTask"  was declared but never referenced
  static StackType_t g_pucStackOfColorTask[128];
../Core/Src/freertos.c(75): warning:  #177-D: variable "g_TCBofColorTask"  was declared but never referenced
  static StaticTask_t g_TCBofColorTask;
../Core/Src/freertos.c(76): warning:  #177-D: variable "xColorTaskHandle"  was declared but never referenced
  static TaskHandle_t xColorTaskHandle;
../Core/Src/freertos.c(101): warning:  #177-D: variable "task2"  was declared but never referenced
  static struct PrintTask task2 = {0,2,"Task2"};
../Core/Src/freertos.c(102): warning:  #177-D: variable "task3"  was declared but never referenced
  static struct PrintTask task3 = {0,4,"Task3"};
../Core/Src/freertos.c(103): warning:  #177-D: variable "task4"  was declared but never referenced
  static struct PrintTask task4 = {0,6,"Task4"};
../Core/Src/freertos.c: 14 warnings, 0 errors
linking...
Program Size: Code=19984 RO-data=2408 RW-data=4224 ZI-data=9992  
FromELF: creating hex file...
"01_freertos_template\01_freertos_template.axf" - 0 Error(s), 14 Warning(s).

<h2>Software Packages used:</h2>

Package Vendor: ARM
                https://www.keil.com/pack/ARM.CMSIS.6.2.0.pack
                ARM::CMSIS@6.2.0
                CMSIS (Common Microcontroller Software Interface Standard)
   * Component: CORE Version: 6.1.1

Package Vendor: Keil
                https://www.keil.com/pack/Keil.STM32F1xx_DFP.2.4.1.pack
                Keil::STM32F1xx_DFP@2.4.1
                STMicroelectronics STM32F1 Series Device Support, Drivers and Examples

<h2>Collection of Component include folders:</h2>
  ./RTE/_01_freertos_template
  C:/Users/jiaweiBai/AppData/Local/Arm/Packs/ARM/CMSIS/6.2.0/CMSIS/Core/Include
  C:/Users/jiaweiBai/AppData/Local/Arm/Packs/Keil/STM32F1xx_DFP/2.4.1/Device/Include

<h2>Collection of Component Files used:</h2>

   * Component: ARM::CMSIS:CORE@6.1.1
      Include file:  CMSIS/Core/Include/tz_context.h
Build Time Elapsed:  00:00:01
</pre>
</body>
</html>
